// Jest Snapshot v1, https://goo.gl/fbAQLP

exports[`Navigation component renders correctly 1`] = `
ShallowWrapper {
  Symbol(enzyme.__root__): [Circular],
  Symbol(enzyme.__unrendered__): <Navigation />,
  Symbol(enzyme.__renderer__): Object {
    "batchedUpdates": [Function],
    "getNode": [Function],
    "render": [Function],
    "simulateError": [Function],
    "simulateEvent": [Function],
    "unmount": [Function],
  },
  Symbol(enzyme.__node__): Object {
    "instance": null,
    "key": undefined,
    "nodeType": "host",
    "props": Object {
      "children": <ul
        className="nav"
>
        <li
                className="nav-item"
        >
                <NavLink
                        activeClassName="active"
                        aria-current="page"
                        className="nav-link"
                        exact={true}
                        to="/"
                >
                        Экспонаты
                </NavLink>
        </li>
        <li
                className="nav-item"
        >
                <NavLink
                        activeClassName="active"
                        aria-current="page"
                        className="nav-link"
                        to="/new"
                >
                        Добавить экспонат
                </NavLink>
        </li>
</ul>,
      "className": "navigation",
    },
    "ref": null,
    "rendered": Object {
      "instance": null,
      "key": undefined,
      "nodeType": "host",
      "props": Object {
        "children": Array [
          <li
            className="nav-item"
>
            <NavLink
                        activeClassName="active"
                        aria-current="page"
                        className="nav-link"
                        exact={true}
                        to="/"
            >
                        Экспонаты
            </NavLink>
</li>,
          <li
            className="nav-item"
>
            <NavLink
                        activeClassName="active"
                        aria-current="page"
                        className="nav-link"
                        to="/new"
            >
                        Добавить экспонат
            </NavLink>
</li>,
        ],
        "className": "nav",
      },
      "ref": null,
      "rendered": Array [
        Object {
          "instance": null,
          "key": undefined,
          "nodeType": "host",
          "props": Object {
            "children": <NavLink
              activeClassName="active"
              aria-current="page"
              className="nav-link"
              exact={true}
              to="/"
>
              Экспонаты
</NavLink>,
            "className": "nav-item",
          },
          "ref": null,
          "rendered": Object {
            "instance": null,
            "key": undefined,
            "nodeType": "function",
            "props": Object {
              "activeClassName": "active",
              "aria-current": "page",
              "children": "Экспонаты",
              "className": "nav-link",
              "exact": true,
              "to": "/",
            },
            "ref": null,
            "rendered": "Экспонаты",
            "type": [Function],
          },
          "type": "li",
        },
        Object {
          "instance": null,
          "key": undefined,
          "nodeType": "host",
          "props": Object {
            "children": <NavLink
              activeClassName="active"
              aria-current="page"
              className="nav-link"
              to="/new"
>
              Добавить экспонат
</NavLink>,
            "className": "nav-item",
          },
          "ref": null,
          "rendered": Object {
            "instance": null,
            "key": undefined,
            "nodeType": "function",
            "props": Object {
              "activeClassName": "active",
              "aria-current": "page",
              "children": "Добавить экспонат",
              "className": "nav-link",
              "to": "/new",
            },
            "ref": null,
            "rendered": "Добавить экспонат",
            "type": [Function],
          },
          "type": "li",
        },
      ],
      "type": "ul",
    },
    "type": "div",
  },
  Symbol(enzyme.__nodes__): Array [
    Object {
      "instance": null,
      "key": undefined,
      "nodeType": "host",
      "props": Object {
        "children": <ul
          className="nav"
>
          <li
                    className="nav-item"
          >
                    <NavLink
                              activeClassName="active"
                              aria-current="page"
                              className="nav-link"
                              exact={true}
                              to="/"
                    >
                              Экспонаты
                    </NavLink>
          </li>
          <li
                    className="nav-item"
          >
                    <NavLink
                              activeClassName="active"
                              aria-current="page"
                              className="nav-link"
                              to="/new"
                    >
                              Добавить экспонат
                    </NavLink>
          </li>
</ul>,
        "className": "navigation",
      },
      "ref": null,
      "rendered": Object {
        "instance": null,
        "key": undefined,
        "nodeType": "host",
        "props": Object {
          "children": Array [
            <li
              className="nav-item"
>
              <NavLink
                            activeClassName="active"
                            aria-current="page"
                            className="nav-link"
                            exact={true}
                            to="/"
              >
                            Экспонаты
              </NavLink>
</li>,
            <li
              className="nav-item"
>
              <NavLink
                            activeClassName="active"
                            aria-current="page"
                            className="nav-link"
                            to="/new"
              >
                            Добавить экспонат
              </NavLink>
</li>,
          ],
          "className": "nav",
        },
        "ref": null,
        "rendered": Array [
          Object {
            "instance": null,
            "key": undefined,
            "nodeType": "host",
            "props": Object {
              "children": <NavLink
                activeClassName="active"
                aria-current="page"
                className="nav-link"
                exact={true}
                to="/"
>
                Экспонаты
</NavLink>,
              "className": "nav-item",
            },
            "ref": null,
            "rendered": Object {
              "instance": null,
              "key": undefined,
              "nodeType": "function",
              "props": Object {
                "activeClassName": "active",
                "aria-current": "page",
                "children": "Экспонаты",
                "className": "nav-link",
                "exact": true,
                "to": "/",
              },
              "ref": null,
              "rendered": "Экспонаты",
              "type": [Function],
            },
            "type": "li",
          },
          Object {
            "instance": null,
            "key": undefined,
            "nodeType": "host",
            "props": Object {
              "children": <NavLink
                activeClassName="active"
                aria-current="page"
                className="nav-link"
                to="/new"
>
                Добавить экспонат
</NavLink>,
              "className": "nav-item",
            },
            "ref": null,
            "rendered": Object {
              "instance": null,
              "key": undefined,
              "nodeType": "function",
              "props": Object {
                "activeClassName": "active",
                "aria-current": "page",
                "children": "Добавить экспонат",
                "className": "nav-link",
                "to": "/new",
              },
              "ref": null,
              "rendered": "Добавить экспонат",
              "type": [Function],
            },
            "type": "li",
          },
        ],
        "type": "ul",
      },
      "type": "div",
    },
  ],
  Symbol(enzyme.__options__): Object {
    "adapter": ReactSixteenAdapter {
      "options": Object {
        "enableComponentDidUpdateOnSetState": true,
        "lifecycles": Object {
          "componentDidUpdate": Object {
            "onSetState": true,
          },
          "getDerivedStateFromProps": true,
          "getSnapshotBeforeUpdate": true,
          "setState": Object {
            "skipsComponentDidUpdateOnNullish": true,
          },
        },
      },
    },
    "attachTo": undefined,
    "hydrateIn": undefined,
  },
}
`;
